---
source: crates/client/tests/public_api.rs
expression: public_api.to_string()
---
pub mod decdn_client
pub mod decdn_client::buyer_pool
#[non_exhaustive] pub enum decdn_client::buyer_pool::ProgressWrite
pub decdn_client::buyer_pool::ProgressWrite::Advance
pub decdn_client::buyer_pool::ProgressWrite::Advance::totals: decdn_incentive::buyer_pool::BuyerLaneProgress
pub decdn_client::buyer_pool::ProgressWrite::Rebase
pub decdn_client::buyer_pool::ProgressWrite::Rebase::anchor: decdn_incentive::buyer_pool::BuyerLaneProgress
pub decdn_client::buyer_pool::ProgressWrite::Rebase::totals: decdn_incentive::buyer_pool::BuyerLaneProgress
impl decdn_client::buyer_pool::ProgressWrite
pub fn decdn_client::buyer_pool::ProgressWrite::apply<S: decdn_incentive::buyer_pool::BuyerPoolStore + ?core::marker::Sized>(&self, &S, alloy_primitives::bits::address::Address, decdn_incentive::lane::PoolId, decdn_incentive::lane::LaneKey) -> anyhow::Result<decdn_incentive::buyer_pool::AdvanceOutcome, decdn_incentive::store::StoreError>
pub fn decdn_client::buyer_pool::ProgressWrite::of(&decdn_client::VoucherProgress) -> core::option::Option<Self>
pub const fn decdn_client::buyer_pool::ProgressWrite::totals(&self) -> decdn_incentive::buyer_pool::BuyerLaneProgress
pub struct decdn_client::buyer_pool::AllowanceShortfall
impl core::error::Error for decdn_client::buyer_pool::AllowanceShortfall
impl core::fmt::Display for decdn_client::buyer_pool::AllowanceShortfall
pub fn decdn_client::buyer_pool::AllowanceShortfall::fmt(&self, &mut core::fmt::Formatter<'_>) -> core::fmt::Result
pub struct decdn_client::buyer_pool::EscrowUntracked(_)
impl core::error::Error for decdn_client::buyer_pool::EscrowUntracked
impl core::fmt::Display for decdn_client::buyer_pool::EscrowUntracked
pub fn decdn_client::buyer_pool::EscrowUntracked::fmt(&self, &mut core::fmt::Formatter<'_>) -> core::fmt::Result
pub struct decdn_client::buyer_pool::OpenUnconfirmed
pub decdn_client::buyer_pool::OpenUnconfirmed::nonce: u64
pub decdn_client::buyer_pool::OpenUnconfirmed::tx: core::option::Option<alloy_primitives::aliases::TxHash>
impl core::error::Error for decdn_client::buyer_pool::OpenUnconfirmed
impl core::fmt::Display for decdn_client::buyer_pool::OpenUnconfirmed
pub fn decdn_client::buyer_pool::OpenUnconfirmed::fmt(&self, &mut core::fmt::Formatter<'_>) -> core::fmt::Result
#[non_exhaustive] pub struct decdn_client::buyer_pool::OpenedPool
pub decdn_client::buyer_pool::OpenedPool::capability: decdn_incentive::capability::SignedCapability
pub decdn_client::buyer_pool::OpenedPool::ctx: decdn_client::PoolContext
pub decdn_client::buyer_pool::OpenedPool::state: decdn_incentive::buyer_pool::BuyerPoolState
pub decdn_client::buyer_pool::OpenedPool::tx: alloy_primitives::aliases::TxHash
pub struct decdn_client::buyer_pool::PoolNotOpen
impl core::error::Error for decdn_client::buyer_pool::PoolNotOpen
impl core::fmt::Display for decdn_client::buyer_pool::PoolNotOpen
pub fn decdn_client::buyer_pool::PoolNotOpen::fmt(&self, &mut core::fmt::Formatter<'_>) -> core::fmt::Result
pub struct decdn_client::buyer_pool::TopUpUnconfirmed
pub decdn_client::buyer_pool::TopUpUnconfirmed::nonce: u64
pub decdn_client::buyer_pool::TopUpUnconfirmed::tx: core::option::Option<alloy_primitives::aliases::TxHash>
impl core::error::Error for decdn_client::buyer_pool::TopUpUnconfirmed
impl core::fmt::Display for decdn_client::buyer_pool::TopUpUnconfirmed
pub fn decdn_client::buyer_pool::TopUpUnconfirmed::fmt(&self, &mut core::fmt::Formatter<'_>) -> core::fmt::Result
#[non_exhaustive] pub struct decdn_client::buyer_pool::ToppedUpPool
pub decdn_client::buyer_pool::ToppedUpPool::credited: alloy_primitives::aliases::U256
pub decdn_client::buyer_pool::ToppedUpPool::tx: alloy_primitives::aliases::TxHash
pub struct decdn_client::buyer_pool::WalletShortfall
impl core::error::Error for decdn_client::buyer_pool::WalletShortfall
impl core::fmt::Display for decdn_client::buyer_pool::WalletShortfall
pub fn decdn_client::buyer_pool::WalletShortfall::fmt(&self, &mut core::fmt::Formatter<'_>) -> core::fmt::Result
pub async fn decdn_client::buyer_pool::ensure_allowance<P: alloy_provider::provider::trait::Provider + core::clone::Clone>(&P, alloy_primitives::bits::address::Address, alloy_primitives::bits::address::Address, alloy_primitives::bits::address::Address, core::option::Option<alloy_primitives::aliases::U256>) -> anyhow::Result<()>
pub fn decdn_client::buyer_pool::escrowed_but_untracked(&str, alloy_primitives::aliases::TxHash, impl core::fmt::Display) -> anyhow::Error
pub fn decdn_client::buyer_pool::grade_deposit_credit(anyhow::Result<decdn_incentive::buyer_pool::DepositOutcome, decdn_incentive::store::StoreError>, &str, alloy_primitives::aliases::TxHash) -> anyhow::Result<alloy_primitives::aliases::U256>
pub async fn decdn_client::buyer_pool::open_pool<P: alloy_provider::provider::trait::Provider + core::clone::Clone>(&decdn_incentive::payment_pool::sol_types::PaymentPool::PaymentPoolInstance<P>, alloc::sync::Arc<alloy_signer_local::PrivateKeySigner>, decdn_incentive::deployment::Deployment, alloy_primitives::bits::address::Address, alloy_primitives::bits::address::Address, alloy_primitives::aliases::U256) -> anyhow::Result<decdn_client::buyer_pool::OpenedPool>
pub fn decdn_client::buyer_pool::opened_from_receipt(&alloy_rpc_types_eth::transaction::receipt::TransactionReceipt, alloy_primitives::aliases::TxHash, alloc::sync::Arc<alloy_signer_local::PrivateKeySigner>, decdn_incentive::deployment::Deployment, alloy_primitives::bits::address::Address, alloy_primitives::bits::address::Address, alloy_primitives::aliases::U256) -> anyhow::Result<decdn_client::buyer_pool::OpenedPool>
pub async fn decdn_client::buyer_pool::pool_accepts_funds<P: alloy_provider::provider::trait::Provider + core::clone::Clone>(&decdn_incentive::payment_pool::sol_types::PaymentPool::PaymentPoolInstance<P>, alloy_primitives::bits::address::Address, alloy_primitives::aliases::B256) -> bool
pub fn decdn_client::buyer_pool::self_owned_lane_ctx(&decdn_incentive::buyer_pool::BuyerPoolState, &alloc::sync::Arc<alloy_signer_local::PrivateKeySigner>, &alloy_sol_types::eip712::Eip712Domain, alloy_primitives::bits::address::Address, alloy_primitives::aliases::U256, alloy_primitives::aliases::U256) -> anyhow::Result<decdn_client::PoolContext>
pub async fn decdn_client::buyer_pool::top_up<P: alloy_provider::provider::trait::Provider + core::clone::Clone>(&decdn_incentive::payment_pool::sol_types::PaymentPool::PaymentPoolInstance<P>, alloy_primitives::bits::address::Address, alloy_primitives::aliases::B256, alloy_primitives::aliases::U256) -> anyhow::Result<decdn_client::buyer_pool::ToppedUpPool>
pub fn decdn_client::buyer_pool::topped_up_effect(alloy_primitives::aliases::B256, alloy_primitives::aliases::U256) -> alloc::string::String
pub mod decdn_client::config
pub struct decdn_client::config::PullConfig
pub decdn_client::config::PullConfig::read_ahead_bytes: u64
pub decdn_client::config::PullConfig::streamer_lane_cap: usize
impl decdn_client::config::PullConfig
pub const fn decdn_client::config::PullConfig::new() -> Self
impl core::default::Default for decdn_client::config::PullConfig
pub fn decdn_client::config::PullConfig::default() -> Self
pub mod decdn_client::connection
pub struct decdn_client::connection::Connections
impl decdn_client::connection::Connections
pub fn decdn_client::connection::Connections::new(iroh::endpoint::Endpoint) -> Self
pub mod decdn_client::credential
#[non_exhaustive] pub enum decdn_client::credential::CapabilityCause
pub decdn_client::credential::CapabilityCause::CapSpent
pub decdn_client::credential::CapabilityCause::Expired
pub decdn_client::credential::CapabilityCause::Revoked
impl core::fmt::Display for decdn_client::credential::CapabilityCause
pub fn decdn_client::credential::CapabilityCause::fmt(&self, &mut core::fmt::Formatter<'_>) -> core::fmt::Result
#[non_exhaustive] pub enum decdn_client::credential::FundingEvent
pub decdn_client::credential::FundingEvent::RunningLow
pub decdn_client::credential::FundingEvent::RunningLow::expires_at: u64
pub decdn_client::credential::FundingEvent::RunningLow::headroom: alloy_primitives::aliases::U256
pub decdn_client::credential::FundingEvent::RunningLow::projected_need: alloy_primitives::aliases::U256
#[non_exhaustive] pub enum decdn_client::credential::FundingNeeded
pub decdn_client::credential::FundingNeeded::NewCapability
pub decdn_client::credential::FundingNeeded::NewCapability::cause: decdn_client::credential::CapabilityCause
pub decdn_client::credential::FundingNeeded::NewCapability::pool: alloy_primitives::aliases::B256
pub decdn_client::credential::FundingNeeded::PublisherPool
pub decdn_client::credential::FundingNeeded::PublisherPool::pool: alloy_primitives::aliases::B256
impl core::error::Error for decdn_client::credential::FundingNeeded
impl core::fmt::Display for decdn_client::credential::FundingNeeded
pub fn decdn_client::credential::FundingNeeded::fmt(&self, &mut core::fmt::Formatter<'_>) -> core::fmt::Result
pub struct decdn_client::credential::Credential
pub decdn_client::credential::Credential::capability: decdn_incentive::capability::SignedCapability
pub decdn_client::credential::Credential::signer: alloc::sync::Arc<alloy_signer_local::PrivateKeySigner>
pub struct decdn_client::credential::CredentialMismatch
pub decdn_client::credential::CredentialMismatch::capability_signer: alloy_primitives::bits::address::Address
pub decdn_client::credential::CredentialMismatch::key: alloy_primitives::bits::address::Address
impl core::error::Error for decdn_client::credential::CredentialMismatch
impl core::fmt::Display for decdn_client::credential::CredentialMismatch
pub fn decdn_client::credential::CredentialMismatch::fmt(&self, &mut core::fmt::Formatter<'_>) -> core::fmt::Result
pub struct decdn_client::credential::CredentialSlot
impl decdn_client::credential::CredentialSlot
pub fn decdn_client::credential::CredentialSlot::current(&self) -> decdn_client::credential::Credential
pub fn decdn_client::credential::CredentialSlot::funding_events(&self) -> tokio::sync::watch::Receiver<core::option::Option<decdn_client::credential::FundingEvent>>
pub fn decdn_client::credential::CredentialSlot::generation(&self) -> u64
pub fn decdn_client::credential::CredentialSlot::new(alloc::sync::Arc<alloy_signer_local::PrivateKeySigner>, decdn_incentive::capability::SignedCapability) -> core::result::Result<Self, decdn_client::credential::CredentialMismatch>
pub fn decdn_client::credential::CredentialSlot::pool_id(&self) -> alloy_primitives::aliases::B256
pub fn decdn_client::credential::CredentialSlot::record_spend(&self, alloy_primitives::bits::address::Address, alloy_primitives::aliases::U256)
pub fn decdn_client::credential::CredentialSlot::swap(&self, alloc::sync::Arc<alloy_signer_local::PrivateKeySigner>, decdn_incentive::capability::SignedCapability) -> core::result::Result<(), decdn_client::credential::CredentialMismatch>
pub fn decdn_client::credential::CredentialSlot::swap_wait(&self) -> core::time::Duration
pub fn decdn_client::credential::CredentialSlot::with_swap_wait(self, core::time::Duration) -> Self
pub const decdn_client::credential::CREDENTIAL_SWAP_WAIT: core::time::Duration
pub mod decdn_client::discovery
#[non_exhaustive] pub enum decdn_client::discovery::Bootstrap
pub decdn_client::discovery::Bootstrap::Cached
pub decdn_client::discovery::Bootstrap::Cached::oldest_identity_secs: u64
pub decdn_client::discovery::Bootstrap::Cached::peers: alloc::vec::Vec<decdn_client::discovery::NodeCandidate>
pub decdn_client::discovery::Bootstrap::Cached::registry_error: alloc::string::String
pub decdn_client::discovery::Bootstrap::Live
pub decdn_client::discovery::Bootstrap::Live::peers: alloc::vec::Vec<decdn_client::discovery::NodeCandidate>
pub decdn_client::discovery::Bootstrap::Live::store_warning: core::option::Option<alloc::string::String>
impl decdn_client::discovery::Bootstrap
pub fn decdn_client::discovery::Bootstrap::into_peers(self) -> alloc::vec::Vec<decdn_client::discovery::NodeCandidate>
pub fn decdn_client::discovery::Bootstrap::warning(&self) -> core::option::Option<alloc::string::String>
pub struct decdn_client::discovery::NodeCandidate
pub decdn_client::discovery::NodeCandidate::eth_address: alloy_primitives::bits::address::Address
pub decdn_client::discovery::NodeCandidate::multiaddrs: alloy_primitives::bytes_::Bytes
pub decdn_client::discovery::NodeCandidate::node_id: iroh_base::key::PublicKey
pub decdn_client::discovery::NodeCandidate::region_hint: core::option::Option<decdn_protocol::region::Region>
impl decdn_client::discovery::NodeCandidate
pub fn decdn_client::discovery::NodeCandidate::dial_addrs(&self) -> alloc::vec::Vec<core::net::socket_addr::SocketAddr>
pub struct decdn_client::discovery::Probed
pub decdn_client::discovery::Probed::candidate: decdn_client::discovery::NodeCandidate
pub decdn_client::discovery::Probed::coverage: decdn_protocol::coverage::Coverage
pub decdn_client::discovery::Probed::rtt_ms: f64
pub decdn_client::discovery::Probed::total_bytes: core::option::Option<u64>
pub const decdn_client::discovery::BOOTSTRAP_UNREACHABLE: &str
pub fn decdn_client::discovery::admit_sources(alloc::vec::Vec<decdn_client::discovery::NodeCandidate>, usize) -> alloc::vec::Vec<decdn_client::discovery::NodeCandidate>
pub async fn decdn_client::discovery::bootstrap_nodes(&str, alloy_primitives::bits::address::Address, &std::path::Path, core::time::Duration) -> anyhow::Result<decdn_client::discovery::Bootstrap>
pub fn decdn_client::discovery::select_candidates(alloc::vec::Vec<decdn_client::discovery::NodeCandidate>, core::option::Option<&str>, usize) -> alloc::vec::Vec<decdn_client::discovery::NodeCandidate>
pub fn decdn_client::discovery::with_dial_addrs(iroh_base::endpoint_addr::EndpointAddr, &decdn_client::discovery::NodeCandidate) -> iroh_base::endpoint_addr::EndpointAddr
pub mod decdn_client::downloader
pub struct decdn_client::downloader::DownloadTarget<'a>
pub decdn_client::downloader::DownloadTarget::dest: &'a std::path::Path
pub decdn_client::downloader::DownloadTarget::hash: [u8; 32]
pub decdn_client::downloader::DownloadTarget::ranges: core::option::Option<&'a [(u64, u64)]>
pub decdn_client::downloader::DownloadTarget::total_bytes: u64
pub struct decdn_client::downloader::Downloader<P, F>
impl<P, F> decdn_client::downloader::Downloader<P, F> where P: SourceProvider, F: decdn_client::source::Funder
pub async fn decdn_client::downloader::Downloader<P, F>::fetch_to_dir(&self, &[([u8; 32], u64)], &std::path::Path, core::option::Option<&(dyn core::ops::function::Fn(u64, u64) + core::marker::Send + core::marker::Sync + '_)>) -> anyhow::Result<alloc::vec::Vec<std::path::PathBuf>>
pub async fn decdn_client::downloader::Downloader<P, F>::fetch_to_paths(&self, &[decdn_client::downloader::DownloadTarget<'_>], core::option::Option<&(dyn core::ops::function::Fn(u64, u64) + core::marker::Send + core::marker::Sync + '_)>) -> anyhow::Result<alloc::vec::Vec<std::path::PathBuf>>
pub async fn decdn_client::downloader::Downloader<P, F>::fetch_to_paths_until(&self, &[decdn_client::downloader::DownloadTarget<'_>], core::option::Option<&(dyn core::ops::function::Fn(u64, u64) + core::marker::Send + core::marker::Sync + '_)>, &decdn_client::stop::StopPolicy) -> anyhow::Result<alloc::vec::Vec<std::path::PathBuf>>
impl<P, F> decdn_client::downloader::Downloader<P, F>
pub fn decdn_client::downloader::Downloader<P, F>::credentials(self, decdn_client::credential::CredentialSlot) -> Self
pub fn decdn_client::downloader::Downloader<P, F>::holders(self, alloc::vec::Vec<decdn_client::source_set::Holder>) -> Self
pub const fn decdn_client::downloader::Downloader<P, F>::max_blob_bytes(self, u64) -> Self
pub const fn decdn_client::downloader::Downloader<P, F>::max_lanes(self, usize) -> Self
pub fn decdn_client::downloader::Downloader<P, F>::new(P, F) -> Self
pub fn decdn_client::downloader::Downloader<P, F>::recovery(self, alloc::sync::Arc<decdn_client::recovery::RecoveryGate>) -> Self
pub fn decdn_client::downloader::Downloader<P, F>::refetched_targets(&self) -> u64
impl<P, F> core::fmt::Debug for decdn_client::downloader::Downloader<P, F>
pub fn decdn_client::downloader::Downloader<P, F>::fmt(&self, &mut core::fmt::Formatter<'_>) -> core::fmt::Result
pub mod decdn_client::driver
#[non_exhaustive] pub struct decdn_client::driver::PoolExhausted
pub decdn_client::driver::PoolExhausted::gap_len: u64
pub decdn_client::driver::PoolExhausted::gap_start: u64
impl core::error::Error for decdn_client::driver::PoolExhausted
impl core::fmt::Display for decdn_client::driver::PoolExhausted
pub fn decdn_client::driver::PoolExhausted::fmt(&self, &mut core::fmt::Formatter<'_>) -> core::fmt::Result
pub mod decdn_client::endpoint
pub fn decdn_client::endpoint::client_discovery(core::option::Option<&std::path::Path>) -> anyhow::Result<decdn_common::config::resolved::ResolvedDiscovery>
pub async fn decdn_client::endpoint::client_endpoint(&[iroh_base::relay_url::RelayUrl], &decdn_common::config::resolved::ResolvedDiscovery) -> anyhow::Result<iroh::endpoint::Endpoint>
pub fn decdn_client::endpoint::resolve_relays(core::option::Option<&str>, core::option::Option<&std::path::Path>) -> anyhow::Result<alloc::vec::Vec<iroh_base::relay_url::RelayUrl>>
pub mod decdn_client::probe
pub struct decdn_client::probe::ProbeRtt
pub decdn_client::probe::ProbeRtt::direct: bool
pub decdn_client::probe::ProbeRtt::ms: f64
pub async fn decdn_client::probe::probe_once(&iroh::endpoint::Endpoint, iroh_base::endpoint_addr::EndpointAddr, [u8; 32], u64, core::time::Duration) -> anyhow::Result<(decdn_protocol::message::ProbeResponse, decdn_protocol::message::ProbeResponseExt, decdn_client::probe::ProbeRtt)>
pub fn decdn_client::probe::verify_probe_response(&decdn_protocol::message::ProbeResponse, alloy_primitives::bits::address::Address, &alloy_sol_types::eip712::Eip712Domain, [u8; 32], u64) -> anyhow::Result<()>
pub mod decdn_client::provider
pub fn decdn_client::provider::build_provider(&str, &alloy_signer_local::PrivateKeySigner) -> anyhow::Result<impl alloy_provider::provider::trait::Provider + core::clone::Clone + use<>>
pub fn decdn_client::provider::build_read_provider(&str) -> anyhow::Result<impl alloy_provider::provider::trait::Provider + core::clone::Clone + use<>>
pub mod decdn_client::recovery
pub struct decdn_client::recovery::RecoveryGate
impl decdn_client::recovery::RecoveryGate
pub fn decdn_client::recovery::RecoveryGate::new() -> Self
pub fn decdn_client::recovery::RecoveryGate::start_next_pass(&self)
pub fn decdn_client::recovery::RecoveryGate::with_settle(core::time::Duration) -> Self
impl core::default::Default for decdn_client::recovery::RecoveryGate
pub fn decdn_client::recovery::RecoveryGate::default() -> Self
pub const decdn_client::recovery::RECOVERY_SETTLE: core::time::Duration
pub mod decdn_client::sink
pub struct decdn_client::sink::NoCache
impl decdn_client::sink::BlobCache for decdn_client::sink::NoCache
pub fn decdn_client::sink::NoCache::caches(&self) -> bool
pub fn decdn_client::sink::NoCache::get(&self, [u8; 32], u64, u64) -> decdn_client::sink::SinkFuture<'_, core::option::Option<bytes::bytes::Bytes>>
pub fn decdn_client::sink::NoCache::put(&self, [u8; 32], u64, bytes::bytes::Bytes) -> decdn_client::sink::SinkFuture<'_, ()>
pub trait decdn_client::sink::BlobCache: core::marker::Send + core::marker::Sync
pub fn decdn_client::sink::BlobCache::caches(&self) -> bool
pub fn decdn_client::sink::BlobCache::get(&self, [u8; 32], u64, u64) -> decdn_client::sink::SinkFuture<'_, core::option::Option<bytes::bytes::Bytes>>
pub fn decdn_client::sink::BlobCache::put(&self, [u8; 32], u64, bytes::bytes::Bytes) -> decdn_client::sink::SinkFuture<'_, ()>
impl decdn_client::sink::BlobCache for decdn_client::sink::NoCache
pub fn decdn_client::sink::NoCache::caches(&self) -> bool
pub fn decdn_client::sink::NoCache::get(&self, [u8; 32], u64, u64) -> decdn_client::sink::SinkFuture<'_, core::option::Option<bytes::bytes::Bytes>>
pub fn decdn_client::sink::NoCache::put(&self, [u8; 32], u64, bytes::bytes::Bytes) -> decdn_client::sink::SinkFuture<'_, ()>
pub type decdn_client::sink::SinkFuture<'a, T> = core::pin::Pin<alloc::boxed::Box<(dyn core::future::future::Future<Output = anyhow::Result<T>> + core::marker::Send + 'a)>>
pub mod decdn_client::source
#[non_exhaustive] pub enum decdn_client::source::Recovery
pub decdn_client::source::Recovery::Replaced(decdn_client::source::PoolReplaced)
pub decdn_client::source::Recovery::ToppedUp(alloy_primitives::aliases::U256)
pub decdn_client::source::Recovery::Unavailable
pub struct decdn_client::source::PeerSource<'a>
impl<'a> decdn_client::source::PeerSource<'a>
pub const fn decdn_client::source::PeerSource<'a>::new(&'a iroh::endpoint::Endpoint, iroh_base::endpoint_addr::EndpointAddr, alloc::sync::Arc<std::sync::poison::mutex::Mutex<decdn_client::PoolContext>>, alloc::sync::Arc<decdn_client::PoolLedger>, &'a alloy_sol_types::eip712::Eip712Domain, alloy_primitives::bits::address::Address, [u8; 32], u64, u64, decdn_client::PullDeadlines, core::option::Option<decdn_client::connection::Connections>) -> Self
impl core::fmt::Debug for decdn_client::source::PeerSource<'_>
pub fn decdn_client::source::PeerSource<'_>::fmt(&self, &mut core::fmt::Formatter<'_>) -> core::fmt::Result
pub struct decdn_client::source::PoolReplaced
pub decdn_client::source::PoolReplaced::closed: decdn_incentive::lane::PoolId
pub decdn_client::source::PoolReplaced::opened: decdn_incentive::lane::PoolId
impl core::error::Error for decdn_client::source::PoolReplaced
impl core::fmt::Display for decdn_client::source::PoolReplaced
pub fn decdn_client::source::PoolReplaced::fmt(&self, &mut core::fmt::Formatter<'_>) -> core::fmt::Result
pub trait decdn_client::source::Funder: core::marker::Send + core::marker::Sync
pub fn decdn_client::source::Funder::pool_spent(&self) -> core::option::Option<alloy_primitives::aliases::U256>
pub fn decdn_client::source::Funder::recover(&self, alloy_primitives::aliases::U256) -> decdn_client::source::SourceFuture<'_, decdn_client::source::Recovery>
pub type decdn_client::source::SourceFuture<'a, T> = core::pin::Pin<alloc::boxed::Box<(dyn core::future::future::Future<Output = anyhow::Result<T>> + core::marker::Send + 'a)>>
pub mod decdn_client::source_set
pub enum decdn_client::source_set::DeclineReason
pub decdn_client::source_set::DeclineReason::Refused
pub decdn_client::source_set::DeclineReason::Voucher(decdn_protocol::client::VoucherRejectReason)
pub struct decdn_client::source_set::Holder
pub decdn_client::source_set::Holder::coverage: core::option::Option<decdn_protocol::coverage::Coverage>
pub decdn_client::source_set::Holder::probed_holder: bool
pub decdn_client::source_set::Holder::provider: alloy_primitives::bits::address::Address
pub decdn_client::source_set::Holder::rtt_ms: f64
pub struct decdn_client::source_set::NoAffordableSource
pub decdn_client::source_set::NoAffordableSource::deposit: alloy_primitives::aliases::U256
impl core::error::Error for decdn_client::source_set::NoAffordableSource
impl core::fmt::Display for decdn_client::source_set::NoAffordableSource
pub fn decdn_client::source_set::NoAffordableSource::fmt(&self, &mut core::fmt::Formatter<'_>) -> core::fmt::Result
#[non_exhaustive] pub struct decdn_client::source_set::NoNodeWillServe
pub decdn_client::source_set::NoNodeWillServe::reasons: alloc::vec::Vec<decdn_client::source_set::DeclineReason>
impl core::error::Error for decdn_client::source_set::NoNodeWillServe
impl core::fmt::Display for decdn_client::source_set::NoNodeWillServe
pub fn decdn_client::source_set::NoNodeWillServe::fmt(&self, &mut core::fmt::Formatter<'_>) -> core::fmt::Result
#[non_exhaustive] pub struct decdn_client::source_set::NoSourceHasBlob
impl core::error::Error for decdn_client::source_set::NoSourceHasBlob
impl core::fmt::Display for decdn_client::source_set::NoSourceHasBlob
pub fn decdn_client::source_set::NoSourceHasBlob::fmt(&self, &mut core::fmt::Formatter<'_>) -> core::fmt::Result
pub struct decdn_client::source_set::StaticSources<S>
impl<S> decdn_client::source_set::StaticSources<S>
pub fn decdn_client::source_set::StaticSources<S>::holders(&self) -> alloc::vec::Vec<decdn_client::source_set::Holder>
pub fn decdn_client::source_set::StaticSources<S>::new(alloc::vec::Vec<decdn_client::streamer::StreamCandidate<S>>) -> anyhow::Result<Self>
impl<S> core::fmt::Debug for decdn_client::source_set::StaticSources<S>
pub fn decdn_client::source_set::StaticSources<S>::fmt(&self, &mut core::fmt::Formatter<'_>) -> core::fmt::Result
pub const decdn_client::source_set::ABSENT_AFTER_NOT_FOUND: u32
pub mod decdn_client::stop
pub struct decdn_client::stop::ClockHold<'a>(_)
impl core::ops::drop::Drop for decdn_client::stop::ClockHold<'_>
pub fn decdn_client::stop::ClockHold<'_>::drop(&mut self)
pub struct decdn_client::stop::GaveUp
pub decdn_client::stop::GaveUp::idle: core::time::Duration
impl core::error::Error for decdn_client::stop::GaveUp
impl core::fmt::Display for decdn_client::stop::GaveUp
pub fn decdn_client::stop::GaveUp::fmt(&self, &mut core::fmt::Formatter<'_>) -> core::fmt::Result
pub struct decdn_client::stop::ProgressClock
impl decdn_client::stop::ProgressClock
pub fn decdn_client::stop::ProgressClock::hold(&self) -> decdn_client::stop::ClockHold<'_>
pub fn decdn_client::stop::ProgressClock::last(&self) -> tokio::time::instant::Instant
pub fn decdn_client::stop::ProgressClock::new() -> Self
pub fn decdn_client::stop::ProgressClock::tick(&self)
impl core::default::Default for decdn_client::stop::ProgressClock
pub fn decdn_client::stop::ProgressClock::default() -> Self
pub struct decdn_client::stop::StopPolicy
pub decdn_client::stop::StopPolicy::clock: alloc::sync::Arc<decdn_client::stop::ProgressClock>
pub decdn_client::stop::StopPolicy::give_up_after: core::option::Option<core::time::Duration>
impl decdn_client::stop::StopPolicy
pub async fn decdn_client::stop::StopPolicy::expired(&self) -> decdn_client::stop::GaveUp
pub fn decdn_client::stop::StopPolicy::new(bool, core::option::Option<core::time::Duration>, alloc::sync::Arc<decdn_client::stop::ProgressClock>) -> Self
pub const decdn_client::stop::SCRIPT_GIVE_UP: core::time::Duration
pub mod decdn_client::streamer
#[non_exhaustive] pub enum decdn_client::streamer::VerifiedReader
pub decdn_client::streamer::VerifiedReader::Cached
pub decdn_client::streamer::VerifiedReader::Cached::data: bytes::bytes::Bytes
pub decdn_client::streamer::VerifiedReader::Cached::pos: usize
pub decdn_client::streamer::VerifiedReader::Live(decdn_client::streamer::LiveReader)
impl core::fmt::Debug for decdn_client::streamer::VerifiedReader
pub fn decdn_client::streamer::VerifiedReader::fmt(&self, &mut core::fmt::Formatter<'_>) -> core::fmt::Result
impl tokio::io::async_read::AsyncRead for decdn_client::streamer::VerifiedReader
pub fn decdn_client::streamer::VerifiedReader::poll_read(core::pin::Pin<&mut Self>, &mut core::task::wake::Context<'_>, &mut tokio::io::read_buf::ReadBuf<'_>) -> core::task::poll::Poll<core::io::error::Result<()>>
pub struct decdn_client::streamer::LiveReader
impl core::fmt::Debug for decdn_client::streamer::LiveReader
pub fn decdn_client::streamer::LiveReader::fmt(&self, &mut core::fmt::Formatter<'_>) -> core::fmt::Result
#[non_exhaustive] pub struct decdn_client::streamer::StreamCandidate<S>
pub decdn_client::streamer::StreamCandidate::coverage: core::option::Option<decdn_protocol::coverage::Coverage>
pub decdn_client::streamer::StreamCandidate::ctx: alloc::sync::Arc<std::sync::poison::mutex::Mutex<decdn_client::PoolContext>>
pub decdn_client::streamer::StreamCandidate::ledger: alloc::sync::Arc<decdn_client::PoolLedger>
pub decdn_client::streamer::StreamCandidate::source: S
impl<S> decdn_client::streamer::StreamCandidate<S>
pub fn decdn_client::streamer::StreamCandidate<S>::new(S, alloc::sync::Arc<std::sync::poison::mutex::Mutex<decdn_client::PoolContext>>, alloc::sync::Arc<decdn_client::PoolLedger>) -> Self
impl<S> core::fmt::Debug for decdn_client::streamer::StreamCandidate<S>
pub fn decdn_client::streamer::StreamCandidate<S>::fmt(&self, &mut core::fmt::Formatter<'_>) -> core::fmt::Result
pub struct decdn_client::streamer::StreamDrive<'a>
impl decdn_client::streamer::StreamDrive<'_>
pub async fn decdn_client::streamer::StreamDrive<'_>::alongside<T>(&mut self, impl core::future::future::Future<Output = T>) -> T
pub const fn decdn_client::streamer::StreamDrive<'_>::take_error(&mut self) -> core::option::Option<anyhow::Error>
impl core::fmt::Debug for decdn_client::streamer::StreamDrive<'_>
pub fn decdn_client::streamer::StreamDrive<'_>::fmt(&self, &mut core::fmt::Formatter<'_>) -> core::fmt::Result
impl core::future::future::Future for decdn_client::streamer::StreamDrive<'_>
pub type decdn_client::streamer::StreamDrive<'_>::Output = ()
pub fn decdn_client::streamer::StreamDrive<'_>::poll(core::pin::Pin<&mut Self>, &mut core::task::wake::Context<'_>) -> core::task::poll::Poll<()>
impl core::ops::drop::Drop for decdn_client::streamer::StreamDrive<'_>
pub fn decdn_client::streamer::StreamDrive<'_>::drop(&mut self)
pub struct decdn_client::streamer::Streamer<'a, P, F>
impl<'a, P, F> decdn_client::streamer::Streamer<'a, P, F>
pub fn decdn_client::streamer::Streamer<'a, P, F>::credentials(self, decdn_client::credential::CredentialSlot) -> Self
pub fn decdn_client::streamer::Streamer<'a, P, F>::holders(self, alloc::vec::Vec<decdn_client::source_set::Holder>) -> Self
pub const fn decdn_client::streamer::Streamer<'a, P, F>::max_blob_bytes(self, u64) -> Self
pub fn decdn_client::streamer::Streamer<'a, P, F>::new(P, F, &'a std::path::Path) -> Self
pub fn decdn_client::streamer::Streamer<'a, P, F>::recovery(self, alloc::sync::Arc<decdn_client::recovery::RecoveryGate>) -> Self
impl<P, F> decdn_client::streamer::Streamer<'_, P, F> where P: SourceProvider, F: decdn_client::source::Funder
pub async fn decdn_client::streamer::Streamer<'_, P, F>::open<'a>(self, [u8; 32], u64, &decdn_client::config::PullConfig, alloc::sync::Arc<dyn decdn_client::sink::BlobCache>, decdn_client::stop::StopPolicy) -> anyhow::Result<(decdn_client::streamer::VerifiedReader, decdn_client::streamer::StreamDrive<'a>)> where P: 'a, F: 'a
impl<P, F> core::fmt::Debug for decdn_client::streamer::Streamer<'_, P, F>
pub fn decdn_client::streamer::Streamer<'_, P, F>::fmt(&self, &mut core::fmt::Formatter<'_>) -> core::fmt::Result
#[non_exhaustive] pub enum decdn_client::CapabilityCause
pub decdn_client::CapabilityCause::CapSpent
pub decdn_client::CapabilityCause::Expired
pub decdn_client::CapabilityCause::Revoked
impl core::fmt::Display for decdn_client::credential::CapabilityCause
pub fn decdn_client::credential::CapabilityCause::fmt(&self, &mut core::fmt::Formatter<'_>) -> core::fmt::Result
#[non_exhaustive] pub enum decdn_client::DeadlineError
pub decdn_client::DeadlineError::CapCannotOutlastItsStages
pub decdn_client::DeadlineError::CapCannotOutlastItsStages::hard_cap: core::time::Duration
pub decdn_client::DeadlineError::CapCannotOutlastItsStages::open: core::time::Duration
pub decdn_client::DeadlineError::CapCannotOutlastItsStages::window: core::time::Duration
pub decdn_client::DeadlineError::ZeroBudget
impl core::error::Error for decdn_client::DeadlineError
impl core::fmt::Display for decdn_client::DeadlineError
pub fn decdn_client::DeadlineError::fmt(&self, &mut core::fmt::Formatter<'_>) -> core::fmt::Result
#[non_exhaustive] pub enum decdn_client::FundingEvent
pub decdn_client::FundingEvent::RunningLow
pub decdn_client::FundingEvent::RunningLow::expires_at: u64
pub decdn_client::FundingEvent::RunningLow::headroom: alloy_primitives::aliases::U256
pub decdn_client::FundingEvent::RunningLow::projected_need: alloy_primitives::aliases::U256
#[non_exhaustive] pub enum decdn_client::FundingNeeded
pub decdn_client::FundingNeeded::NewCapability
pub decdn_client::FundingNeeded::NewCapability::cause: decdn_client::credential::CapabilityCause
pub decdn_client::FundingNeeded::NewCapability::pool: alloy_primitives::aliases::B256
pub decdn_client::FundingNeeded::PublisherPool
pub decdn_client::FundingNeeded::PublisherPool::pool: alloy_primitives::aliases::B256
impl core::error::Error for decdn_client::credential::FundingNeeded
impl core::fmt::Display for decdn_client::credential::FundingNeeded
pub fn decdn_client::credential::FundingNeeded::fmt(&self, &mut core::fmt::Formatter<'_>) -> core::fmt::Result
#[non_exhaustive] pub enum decdn_client::Recovery
pub decdn_client::Recovery::Replaced(decdn_client::source::PoolReplaced)
pub decdn_client::Recovery::ToppedUp(alloy_primitives::aliases::U256)
pub decdn_client::Recovery::Unavailable
#[non_exhaustive] pub enum decdn_client::VerifiedReader
pub decdn_client::VerifiedReader::Cached
pub decdn_client::VerifiedReader::Cached::data: bytes::bytes::Bytes
pub decdn_client::VerifiedReader::Cached::pos: usize
pub decdn_client::VerifiedReader::Live(decdn_client::streamer::LiveReader)
impl core::fmt::Debug for decdn_client::streamer::VerifiedReader
pub fn decdn_client::streamer::VerifiedReader::fmt(&self, &mut core::fmt::Formatter<'_>) -> core::fmt::Result
impl tokio::io::async_read::AsyncRead for decdn_client::streamer::VerifiedReader
pub fn decdn_client::streamer::VerifiedReader::poll_read(core::pin::Pin<&mut Self>, &mut core::task::wake::Context<'_>, &mut tokio::io::read_buf::ReadBuf<'_>) -> core::task::poll::Poll<core::io::error::Result<()>>
#[non_exhaustive] pub struct decdn_client::BlobTooLarge
pub decdn_client::BlobTooLarge::ceiling: u64
pub decdn_client::BlobTooLarge::reached: u64
impl core::error::Error for decdn_client::BlobTooLarge
impl core::fmt::Display for decdn_client::BlobTooLarge
pub fn decdn_client::BlobTooLarge::fmt(&self, &mut core::fmt::Formatter<'_>) -> core::fmt::Result
pub struct decdn_client::ClockHold<'a>(_)
impl core::ops::drop::Drop for decdn_client::stop::ClockHold<'_>
pub fn decdn_client::stop::ClockHold<'_>::drop(&mut self)
pub struct decdn_client::Connections
impl decdn_client::connection::Connections
pub fn decdn_client::connection::Connections::new(iroh::endpoint::Endpoint) -> Self
pub struct decdn_client::Credential
pub decdn_client::Credential::capability: decdn_incentive::capability::SignedCapability
pub decdn_client::Credential::signer: alloc::sync::Arc<alloy_signer_local::PrivateKeySigner>
pub struct decdn_client::CredentialMismatch
pub decdn_client::CredentialMismatch::capability_signer: alloy_primitives::bits::address::Address
pub decdn_client::CredentialMismatch::key: alloy_primitives::bits::address::Address
impl core::error::Error for decdn_client::credential::CredentialMismatch
impl core::fmt::Display for decdn_client::credential::CredentialMismatch
pub fn decdn_client::credential::CredentialMismatch::fmt(&self, &mut core::fmt::Formatter<'_>) -> core::fmt::Result
pub struct decdn_client::CredentialSlot
impl decdn_client::credential::CredentialSlot
pub fn decdn_client::credential::CredentialSlot::current(&self) -> decdn_client::credential::Credential
pub fn decdn_client::credential::CredentialSlot::funding_events(&self) -> tokio::sync::watch::Receiver<core::option::Option<decdn_client::credential::FundingEvent>>
pub fn decdn_client::credential::CredentialSlot::generation(&self) -> u64
pub fn decdn_client::credential::CredentialSlot::new(alloc::sync::Arc<alloy_signer_local::PrivateKeySigner>, decdn_incentive::capability::SignedCapability) -> core::result::Result<Self, decdn_client::credential::CredentialMismatch>
pub fn decdn_client::credential::CredentialSlot::pool_id(&self) -> alloy_primitives::aliases::B256
pub fn decdn_client::credential::CredentialSlot::record_spend(&self, alloy_primitives::bits::address::Address, alloy_primitives::aliases::U256)
pub fn decdn_client::credential::CredentialSlot::swap(&self, alloc::sync::Arc<alloy_signer_local::PrivateKeySigner>, decdn_incentive::capability::SignedCapability) -> core::result::Result<(), decdn_client::credential::CredentialMismatch>
pub fn decdn_client::credential::CredentialSlot::swap_wait(&self) -> core::time::Duration
pub fn decdn_client::credential::CredentialSlot::with_swap_wait(self, core::time::Duration) -> Self
pub struct decdn_client::Cumulative
pub decdn_client::Cumulative::amount: alloy_primitives::aliases::U256
pub decdn_client::Cumulative::bytes: alloy_primitives::aliases::U256
impl core::convert::From<&decdn_protocol::client::WatermarkBundle> for decdn_client::Cumulative
pub fn decdn_client::Cumulative::from(&decdn_protocol::client::WatermarkBundle) -> Self
pub struct decdn_client::DownloadTarget<'a>
pub decdn_client::DownloadTarget::dest: &'a std::path::Path
pub decdn_client::DownloadTarget::hash: [u8; 32]
pub decdn_client::DownloadTarget::ranges: core::option::Option<&'a [(u64, u64)]>
pub decdn_client::DownloadTarget::total_bytes: u64
pub struct decdn_client::Downloader<P, F>
impl<P, F> decdn_client::downloader::Downloader<P, F> where P: SourceProvider, F: decdn_client::source::Funder
pub async fn decdn_client::downloader::Downloader<P, F>::fetch_to_dir(&self, &[([u8; 32], u64)], &std::path::Path, core::option::Option<&(dyn core::ops::function::Fn(u64, u64) + core::marker::Send + core::marker::Sync + '_)>) -> anyhow::Result<alloc::vec::Vec<std::path::PathBuf>>
pub async fn decdn_client::downloader::Downloader<P, F>::fetch_to_paths(&self, &[decdn_client::downloader::DownloadTarget<'_>], core::option::Option<&(dyn core::ops::function::Fn(u64, u64) + core::marker::Send + core::marker::Sync + '_)>) -> anyhow::Result<alloc::vec::Vec<std::path::PathBuf>>
pub async fn decdn_client::downloader::Downloader<P, F>::fetch_to_paths_until(&self, &[decdn_client::downloader::DownloadTarget<'_>], core::option::Option<&(dyn core::ops::function::Fn(u64, u64) + core::marker::Send + core::marker::Sync + '_)>, &decdn_client::stop::StopPolicy) -> anyhow::Result<alloc::vec::Vec<std::path::PathBuf>>
impl<P, F> decdn_client::downloader::Downloader<P, F>
pub fn decdn_client::downloader::Downloader<P, F>::credentials(self, decdn_client::credential::CredentialSlot) -> Self
pub fn decdn_client::downloader::Downloader<P, F>::holders(self, alloc::vec::Vec<decdn_client::source_set::Holder>) -> Self
pub const fn decdn_client::downloader::Downloader<P, F>::max_blob_bytes(self, u64) -> Self
pub const fn decdn_client::downloader::Downloader<P, F>::max_lanes(self, usize) -> Self
pub fn decdn_client::downloader::Downloader<P, F>::new(P, F) -> Self
pub fn decdn_client::downloader::Downloader<P, F>::recovery(self, alloc::sync::Arc<decdn_client::recovery::RecoveryGate>) -> Self
pub fn decdn_client::downloader::Downloader<P, F>::refetched_targets(&self) -> u64
impl<P, F> core::fmt::Debug for decdn_client::downloader::Downloader<P, F>
pub fn decdn_client::downloader::Downloader<P, F>::fmt(&self, &mut core::fmt::Formatter<'_>) -> core::fmt::Result
pub struct decdn_client::GaveUp
pub decdn_client::GaveUp::idle: core::time::Duration
impl core::error::Error for decdn_client::stop::GaveUp
impl core::fmt::Display for decdn_client::stop::GaveUp
pub fn decdn_client::stop::GaveUp::fmt(&self, &mut core::fmt::Formatter<'_>) -> core::fmt::Result
pub struct decdn_client::HashMismatch
impl core::error::Error for decdn_client::HashMismatch
impl core::fmt::Display for decdn_client::HashMismatch
pub fn decdn_client::HashMismatch::fmt(&self, &mut core::fmt::Formatter<'_>) -> core::fmt::Result
pub struct decdn_client::Holder
pub decdn_client::Holder::coverage: core::option::Option<decdn_protocol::coverage::Coverage>
pub decdn_client::Holder::probed_holder: bool
pub decdn_client::Holder::provider: alloy_primitives::bits::address::Address
pub decdn_client::Holder::rtt_ms: f64
pub struct decdn_client::LiveReader
impl core::fmt::Debug for decdn_client::streamer::LiveReader
pub fn decdn_client::streamer::LiveReader::fmt(&self, &mut core::fmt::Formatter<'_>) -> core::fmt::Result
pub struct decdn_client::NoAffordableSource
pub decdn_client::NoAffordableSource::deposit: alloy_primitives::aliases::U256
impl core::error::Error for decdn_client::source_set::NoAffordableSource
impl core::fmt::Display for decdn_client::source_set::NoAffordableSource
pub fn decdn_client::source_set::NoAffordableSource::fmt(&self, &mut core::fmt::Formatter<'_>) -> core::fmt::Result
pub struct decdn_client::NoCache
impl decdn_client::sink::BlobCache for decdn_client::sink::NoCache
pub fn decdn_client::sink::NoCache::caches(&self) -> bool
pub fn decdn_client::sink::NoCache::get(&self, [u8; 32], u64, u64) -> decdn_client::sink::SinkFuture<'_, core::option::Option<bytes::bytes::Bytes>>
pub fn decdn_client::sink::NoCache::put(&self, [u8; 32], u64, bytes::bytes::Bytes) -> decdn_client::sink::SinkFuture<'_, ()>
#[non_exhaustive] pub struct decdn_client::NoNodeWillServe
pub decdn_client::NoNodeWillServe::reasons: alloc::vec::Vec<decdn_client::source_set::DeclineReason>
impl core::error::Error for decdn_client::source_set::NoNodeWillServe
impl core::fmt::Display for decdn_client::source_set::NoNodeWillServe
pub fn decdn_client::source_set::NoNodeWillServe::fmt(&self, &mut core::fmt::Formatter<'_>) -> core::fmt::Result
#[non_exhaustive] pub struct decdn_client::NoSourceHasBlob
impl core::error::Error for decdn_client::source_set::NoSourceHasBlob
impl core::fmt::Display for decdn_client::source_set::NoSourceHasBlob
pub fn decdn_client::source_set::NoSourceHasBlob::fmt(&self, &mut core::fmt::Formatter<'_>) -> core::fmt::Result
pub struct decdn_client::PeerSource<'a>
impl<'a> decdn_client::source::PeerSource<'a>
pub const fn decdn_client::source::PeerSource<'a>::new(&'a iroh::endpoint::Endpoint, iroh_base::endpoint_addr::EndpointAddr, alloc::sync::Arc<std::sync::poison::mutex::Mutex<decdn_client::PoolContext>>, alloc::sync::Arc<decdn_client::PoolLedger>, &'a alloy_sol_types::eip712::Eip712Domain, alloy_primitives::bits::address::Address, [u8; 32], u64, u64, decdn_client::PullDeadlines, core::option::Option<decdn_client::connection::Connections>) -> Self
impl core::fmt::Debug for decdn_client::source::PeerSource<'_>
pub fn decdn_client::source::PeerSource<'_>::fmt(&self, &mut core::fmt::Formatter<'_>) -> core::fmt::Result
#[non_exhaustive] pub struct decdn_client::PoolContext
pub decdn_client::PoolContext::capability: core::option::Option<decdn_incentive::capability::SignedCapability>
pub decdn_client::PoolContext::client_binding: core::option::Option<decdn_protocol::client::ClientBinding>
pub decdn_client::PoolContext::client_signer: alloc::sync::Arc<alloy_signer_local::PrivateKeySigner>
pub decdn_client::PoolContext::deposit: alloy_primitives::aliases::U256
pub decdn_client::PoolContext::pool_id: alloy_primitives::aliases::B256
pub decdn_client::PoolContext::prior_amount: alloy_primitives::aliases::U256
pub decdn_client::PoolContext::prior_bytes_delivered: alloy_primitives::aliases::U256
pub decdn_client::PoolContext::provider: alloy_primitives::bits::address::Address
pub decdn_client::PoolContext::voucher_domain: alloy_sol_types::eip712::Eip712Domain
impl decdn_client::PoolContext
pub fn decdn_client::PoolContext::bind_endpoint(self, &iroh::endpoint::Endpoint, &alloy_sol_types::eip712::Eip712Domain) -> anyhow::Result<Self>
pub const fn decdn_client::PoolContext::for_pool(&decdn_incentive::buyer_pool::BuyerPoolState, alloc::sync::Arc<alloy_signer_local::PrivateKeySigner>, alloy_sol_types::eip712::Eip712Domain) -> Self
pub fn decdn_client::PoolContext::lane(&self) -> decdn_incentive::lane::LaneKey
pub const fn decdn_client::PoolContext::new(alloy_primitives::aliases::B256, alloy_primitives::aliases::U256, alloc::sync::Arc<alloy_signer_local::PrivateKeySigner>, alloy_sol_types::eip712::Eip712Domain) -> Self
pub fn decdn_client::PoolContext::new_ledger(&self) -> decdn_client::PoolLedger
pub const fn decdn_client::PoolContext::with_capability(self, decdn_incentive::capability::SignedCapability) -> Self
pub fn decdn_client::PoolContext::with_client_binding(self, decdn_protocol::client::ClientBinding) -> Self
pub const fn decdn_client::PoolContext::with_provider(self, alloy_primitives::bits::address::Address, alloy_primitives::aliases::U256, alloy_primitives::aliases::U256) -> Self
impl core::fmt::Debug for decdn_client::PoolContext
pub fn decdn_client::PoolContext::fmt(&self, &mut core::fmt::Formatter<'_>) -> core::fmt::Result
#[non_exhaustive] pub struct decdn_client::PoolExhausted
pub decdn_client::PoolExhausted::gap_len: u64
pub decdn_client::PoolExhausted::gap_start: u64
impl core::error::Error for decdn_client::driver::PoolExhausted
impl core::fmt::Display for decdn_client::driver::PoolExhausted
pub fn decdn_client::driver::PoolExhausted::fmt(&self, &mut core::fmt::Formatter<'_>) -> core::fmt::Result
pub struct decdn_client::PoolLedger
impl decdn_client::PoolLedger
pub fn decdn_client::PoolLedger::committed(&self) -> decdn_client::Cumulative
pub fn decdn_client::PoolLedger::new(decdn_client::Cumulative) -> Self
pub fn decdn_client::PoolLedger::settlement(&self) -> decdn_client::Cumulative
pub fn decdn_client::PoolLedger::take_unsaved_rebase(&self) -> core::option::Option<decdn_client::Cumulative>
pub struct decdn_client::PoolReplaced
pub decdn_client::PoolReplaced::closed: decdn_incentive::lane::PoolId
pub decdn_client::PoolReplaced::opened: decdn_incentive::lane::PoolId
impl core::error::Error for decdn_client::source::PoolReplaced
impl core::fmt::Display for decdn_client::source::PoolReplaced
pub fn decdn_client::source::PoolReplaced::fmt(&self, &mut core::fmt::Formatter<'_>) -> core::fmt::Result
pub struct decdn_client::ProgressClock
impl decdn_client::stop::ProgressClock
pub fn decdn_client::stop::ProgressClock::hold(&self) -> decdn_client::stop::ClockHold<'_>
pub fn decdn_client::stop::ProgressClock::last(&self) -> tokio::time::instant::Instant
pub fn decdn_client::stop::ProgressClock::new() -> Self
pub fn decdn_client::stop::ProgressClock::tick(&self)
impl core::default::Default for decdn_client::stop::ProgressClock
pub fn decdn_client::stop::ProgressClock::default() -> Self
pub struct decdn_client::PullConfig
pub decdn_client::PullConfig::read_ahead_bytes: u64
pub decdn_client::PullConfig::streamer_lane_cap: usize
impl decdn_client::config::PullConfig
pub const fn decdn_client::config::PullConfig::new() -> Self
impl core::default::Default for decdn_client::config::PullConfig
pub fn decdn_client::config::PullConfig::default() -> Self
pub struct decdn_client::PullDeadlines
impl decdn_client::PullDeadlines
pub fn decdn_client::PullDeadlines::capped(core::time::Duration, core::time::Duration, u64, core::time::Duration) -> core::result::Result<Self, decdn_client::DeadlineError>
pub const fn decdn_client::PullDeadlines::floor_bps(&self) -> u64
pub const fn decdn_client::PullDeadlines::hard_cap(&self) -> core::option::Option<core::time::Duration>
pub const fn decdn_client::PullDeadlines::new(core::time::Duration, core::time::Duration, u64) -> core::result::Result<Self, decdn_client::DeadlineError>
pub const fn decdn_client::PullDeadlines::open(&self) -> core::time::Duration
pub const fn decdn_client::PullDeadlines::window(&self) -> core::time::Duration
#[non_exhaustive] pub struct decdn_client::PullStalled
pub decdn_client::PullStalled::after: core::time::Duration
impl core::error::Error for decdn_client::PullStalled
impl core::fmt::Display for decdn_client::PullStalled
pub fn decdn_client::PullStalled::fmt(&self, &mut core::fmt::Formatter<'_>) -> core::fmt::Result
#[non_exhaustive] pub struct decdn_client::PullTimeout
pub decdn_client::PullTimeout::after: core::time::Duration
impl core::error::Error for decdn_client::PullTimeout
impl core::fmt::Display for decdn_client::PullTimeout
pub fn decdn_client::PullTimeout::fmt(&self, &mut core::fmt::Formatter<'_>) -> core::fmt::Result
pub struct decdn_client::RateAboveCeiling
impl decdn_client::RateAboveCeiling
pub const fn decdn_client::RateAboveCeiling::ceiling_rate_per_mb(&self) -> u64
pub const fn decdn_client::RateAboveCeiling::evidence(&self) -> &decdn_protocol::client::StreamResponse
pub const fn decdn_client::RateAboveCeiling::quoted_rate_per_mb(&self) -> u64
impl core::error::Error for decdn_client::RateAboveCeiling
impl core::fmt::Debug for decdn_client::RateAboveCeiling
pub fn decdn_client::RateAboveCeiling::fmt(&self, &mut core::fmt::Formatter<'_>) -> core::fmt::Result
impl core::fmt::Display for decdn_client::RateAboveCeiling
pub fn decdn_client::RateAboveCeiling::fmt(&self, &mut core::fmt::Formatter<'_>) -> core::fmt::Result
pub struct decdn_client::RecoveryGate
impl decdn_client::recovery::RecoveryGate
pub fn decdn_client::recovery::RecoveryGate::new() -> Self
pub fn decdn_client::recovery::RecoveryGate::start_next_pass(&self)
pub fn decdn_client::recovery::RecoveryGate::with_settle(core::time::Duration) -> Self
impl core::default::Default for decdn_client::recovery::RecoveryGate
pub fn decdn_client::recovery::RecoveryGate::default() -> Self
pub struct decdn_client::StaticSources<S>
impl<S> decdn_client::source_set::StaticSources<S>
pub fn decdn_client::source_set::StaticSources<S>::holders(&self) -> alloc::vec::Vec<decdn_client::source_set::Holder>
pub fn decdn_client::source_set::StaticSources<S>::new(alloc::vec::Vec<decdn_client::streamer::StreamCandidate<S>>) -> anyhow::Result<Self>
impl<S> core::fmt::Debug for decdn_client::source_set::StaticSources<S>
pub fn decdn_client::source_set::StaticSources<S>::fmt(&self, &mut core::fmt::Formatter<'_>) -> core::fmt::Result
pub struct decdn_client::StopPolicy
pub decdn_client::StopPolicy::clock: alloc::sync::Arc<decdn_client::stop::ProgressClock>
pub decdn_client::StopPolicy::give_up_after: core::option::Option<core::time::Duration>
impl decdn_client::stop::StopPolicy
pub async fn decdn_client::stop::StopPolicy::expired(&self) -> decdn_client::stop::GaveUp
pub fn decdn_client::stop::StopPolicy::new(bool, core::option::Option<core::time::Duration>, alloc::sync::Arc<decdn_client::stop::ProgressClock>) -> Self
#[non_exhaustive] pub struct decdn_client::StreamCandidate<S>
pub decdn_client::StreamCandidate::coverage: core::option::Option<decdn_protocol::coverage::Coverage>
pub decdn_client::StreamCandidate::ctx: alloc::sync::Arc<std::sync::poison::mutex::Mutex<decdn_client::PoolContext>>
pub decdn_client::StreamCandidate::ledger: alloc::sync::Arc<decdn_client::PoolLedger>
pub decdn_client::StreamCandidate::source: S
impl<S> decdn_client::streamer::StreamCandidate<S>
pub fn decdn_client::streamer::StreamCandidate<S>::new(S, alloc::sync::Arc<std::sync::poison::mutex::Mutex<decdn_client::PoolContext>>, alloc::sync::Arc<decdn_client::PoolLedger>) -> Self
impl<S> core::fmt::Debug for decdn_client::streamer::StreamCandidate<S>
pub fn decdn_client::streamer::StreamCandidate<S>::fmt(&self, &mut core::fmt::Formatter<'_>) -> core::fmt::Result
pub struct decdn_client::StreamDrive<'a>
impl decdn_client::streamer::StreamDrive<'_>
pub async fn decdn_client::streamer::StreamDrive<'_>::alongside<T>(&mut self, impl core::future::future::Future<Output = T>) -> T
pub const fn decdn_client::streamer::StreamDrive<'_>::take_error(&mut self) -> core::option::Option<anyhow::Error>
impl core::fmt::Debug for decdn_client::streamer::StreamDrive<'_>
pub fn decdn_client::streamer::StreamDrive<'_>::fmt(&self, &mut core::fmt::Formatter<'_>) -> core::fmt::Result
impl core::future::future::Future for decdn_client::streamer::StreamDrive<'_>
pub type decdn_client::streamer::StreamDrive<'_>::Output = ()
pub fn decdn_client::streamer::StreamDrive<'_>::poll(core::pin::Pin<&mut Self>, &mut core::task::wake::Context<'_>) -> core::task::poll::Poll<()>
impl core::ops::drop::Drop for decdn_client::streamer::StreamDrive<'_>
pub fn decdn_client::streamer::StreamDrive<'_>::drop(&mut self)
pub struct decdn_client::Streamer<'a, P, F>
impl<'a, P, F> decdn_client::streamer::Streamer<'a, P, F>
pub fn decdn_client::streamer::Streamer<'a, P, F>::credentials(self, decdn_client::credential::CredentialSlot) -> Self
pub fn decdn_client::streamer::Streamer<'a, P, F>::holders(self, alloc::vec::Vec<decdn_client::source_set::Holder>) -> Self
pub const fn decdn_client::streamer::Streamer<'a, P, F>::max_blob_bytes(self, u64) -> Self
pub fn decdn_client::streamer::Streamer<'a, P, F>::new(P, F, &'a std::path::Path) -> Self
pub fn decdn_client::streamer::Streamer<'a, P, F>::recovery(self, alloc::sync::Arc<decdn_client::recovery::RecoveryGate>) -> Self
impl<P, F> decdn_client::streamer::Streamer<'_, P, F> where P: SourceProvider, F: decdn_client::source::Funder
pub async fn decdn_client::streamer::Streamer<'_, P, F>::open<'a>(self, [u8; 32], u64, &decdn_client::config::PullConfig, alloc::sync::Arc<dyn decdn_client::sink::BlobCache>, decdn_client::stop::StopPolicy) -> anyhow::Result<(decdn_client::streamer::VerifiedReader, decdn_client::streamer::StreamDrive<'a>)> where P: 'a, F: 'a
impl<P, F> core::fmt::Debug for decdn_client::streamer::Streamer<'_, P, F>
pub fn decdn_client::streamer::Streamer<'_, P, F>::fmt(&self, &mut core::fmt::Formatter<'_>) -> core::fmt::Result
pub struct decdn_client::UpstreamRefused
impl decdn_client::UpstreamRefused
pub const fn decdn_client::UpstreamRefused::error(&self) -> &decdn_protocol::client::StreamError
pub fn decdn_client::UpstreamRefused::evidence(&self) -> core::option::Option<&decdn_protocol::client::StreamResponse>
pub const fn decdn_client::UpstreamRefused::mid_stream(decdn_protocol::client::StreamError) -> Self
impl core::error::Error for decdn_client::UpstreamRefused
impl core::fmt::Debug for decdn_client::UpstreamRefused
pub fn decdn_client::UpstreamRefused::fmt(&self, &mut core::fmt::Formatter<'_>) -> core::fmt::Result
impl core::fmt::Display for decdn_client::UpstreamRefused
pub fn decdn_client::UpstreamRefused::fmt(&self, &mut core::fmt::Formatter<'_>) -> core::fmt::Result
#[non_exhaustive] pub struct decdn_client::UpstreamVoucherRejected
pub decdn_client::UpstreamVoucherRejected::bundle: core::option::Option<decdn_protocol::client::WatermarkBundle>
pub decdn_client::UpstreamVoucherRejected::proof_generation: core::option::Option<u64>
pub decdn_client::UpstreamVoucherRejected::reason: decdn_protocol::client::VoucherRejectReason
impl core::error::Error for decdn_client::UpstreamVoucherRejected
impl core::fmt::Display for decdn_client::UpstreamVoucherRejected
pub fn decdn_client::UpstreamVoucherRejected::fmt(&self, &mut core::fmt::Formatter<'_>) -> core::fmt::Result
pub struct decdn_client::VoucherProgress
impl decdn_client::VoucherProgress
pub fn decdn_client::VoucherProgress::advanced(&self) -> core::option::Option<(alloy_primitives::aliases::U256, alloy_primitives::aliases::U256)>
pub fn decdn_client::VoucherProgress::from_cumulative(decdn_client::Cumulative, alloy_primitives::aliases::U256) -> Self
pub fn decdn_client::VoucherProgress::from_ledger(&decdn_client::PoolLedger, alloy_primitives::aliases::U256) -> Self
pub const fn decdn_client::VoucherProgress::rebase_anchor(&self) -> core::option::Option<decdn_client::Cumulative>
pub const fn decdn_client::VoucherProgress::totals(&self) -> (alloy_primitives::aliases::U256, alloy_primitives::aliases::U256)
pub const fn decdn_client::VoucherProgress::with_rebase_anchor(self, core::option::Option<decdn_client::Cumulative>) -> Self
pub const decdn_client::CREDENTIAL_SWAP_WAIT: core::time::Duration
pub trait decdn_client::BlobCache: core::marker::Send + core::marker::Sync
pub fn decdn_client::BlobCache::caches(&self) -> bool
pub fn decdn_client::BlobCache::get(&self, [u8; 32], u64, u64) -> decdn_client::sink::SinkFuture<'_, core::option::Option<bytes::bytes::Bytes>>
pub fn decdn_client::BlobCache::put(&self, [u8; 32], u64, bytes::bytes::Bytes) -> decdn_client::sink::SinkFuture<'_, ()>
impl decdn_client::sink::BlobCache for decdn_client::sink::NoCache
pub fn decdn_client::sink::NoCache::caches(&self) -> bool
pub fn decdn_client::sink::NoCache::get(&self, [u8; 32], u64, u64) -> decdn_client::sink::SinkFuture<'_, core::option::Option<bytes::bytes::Bytes>>
pub fn decdn_client::sink::NoCache::put(&self, [u8; 32], u64, bytes::bytes::Bytes) -> decdn_client::sink::SinkFuture<'_, ()>
pub trait decdn_client::Funder: core::marker::Send + core::marker::Sync
pub fn decdn_client::Funder::pool_spent(&self) -> core::option::Option<alloy_primitives::aliases::U256>
pub fn decdn_client::Funder::recover(&self, alloy_primitives::aliases::U256) -> decdn_client::source::SourceFuture<'_, decdn_client::source::Recovery>
pub const fn decdn_client::effective_rate_ceiling(u64, u64) -> u64
pub type decdn_client::ProgressCallback = (dyn core::ops::function::Fn(u64, u64) + core::marker::Send + core::marker::Sync)
pub type decdn_client::SinkFuture<'a, T> = core::pin::Pin<alloc::boxed::Box<(dyn core::future::future::Future<Output = anyhow::Result<T>> + core::marker::Send + 'a)>>
pub type decdn_client::SourceFuture<'a, T> = core::pin::Pin<alloc::boxed::Box<(dyn core::future::future::Future<Output = anyhow::Result<T>> + core::marker::Send + 'a)>>
